// Jest Snapshot v1, https://goo.gl/fbAQLP

exports[`matches snapshot 1`] = `
<footer
  className={undefined}
>
  <div
    className={undefined}
  >
    <div
      className={undefined}
    >
      <span>
        netflixroulette
      </span>
    </div>
  </div>
</footer>
`;
