// Jest Snapshot v1, https://goo.gl/fbAQLP

exports[`matches snapshot 1`] = `
<input
  className={undefined}
  onChange={[Function]}
  onKeyUp={[Function]}
  placeholder={undefined}
  type={undefined}
/>
`;
