// Jest Snapshot v1, https://goo.gl/fbAQLP

exports[`matches snapshot 1`] = `
<div>
  <button
    className={undefined}
    onClick={[Function]}
  >
    Search
  </button>
  <p>
    Loading...
  </p>
</div>
`;
